// Jest Snapshot v1, https://goo.gl/fbAQLP

exports[`Flex component Snapshot 1`] = `
<div>
  <div
    class="flex center px-1"
  />
</div>
`;
